2025-08-21 14:48:12,510 - new_main - WARNING - 未提供翻译文本
2025-08-22 08:05:11,266 - new_main - INFO - 查询输入: 围栏
2025-08-22 08:05:11,428 - new_main - INFO - 单条件查询成功: 1 条记录
2025-08-22 08:05:18,117 - new_main - INFO - 查询输入: 主机
2025-08-22 08:05:18,236 - new_main - INFO - 单条件查询成功: 20 条记录
2025-09-10 09:34:28,886 - new_main - INFO - 格式化输入单号：['JHS0223391']
2025-09-10 09:34:28,915 - new_main - INFO - 合并后的内容: 4 rows
2025-09-10 09:34:55,262 - new_main - INFO - 格式化输入单号：['JHS0223391']
2025-09-10 09:34:55,284 - new_main - INFO - 合并后的内容: 4 rows
2025-10-10 17:48:36,370 - new_main - WARNING - 未提供翻译文本
2025-10-10 17:48:48,293 - new_main - INFO - 查询输入: 围栏
2025-10-10 17:48:48,409 - new_main - INFO - 单条件查询成功: 1 条记录
2025-10-10 17:55:03,664 - new_main - WARNING - 未提供翻译文本
2025-10-10 17:56:17,116 - new_main - INFO - 格式化输入单号：['JHS0102609']
2025-10-10 17:56:17,125 - new_main - INFO - 合并后的内容: 1 rows
2025-10-13 11:27:25,046 - new_main - WARNING - 未提供翻译文本
2026-01-23 16:09:35,246 - new_main - WARNING - 未提供翻译文本
2026-01-23 16:09:46,598 - new_main - WARNING - 未提供翻译文本
2026-02-06 11:41:24,953 - new_main - INFO - 格式化输入单号：['JHS032152']
2026-02-06 11:41:25,124 - new_main - ERROR - 数据处理错误: No objects to concatenate
Traceback (most recent call last):
  File "D:\VSCODE\PYTHON3\system\new_main.py", line 78, in process_delivery_data
    datas = pd.concat([df for df in results if not df.empty])
            ^^^^^^^^^^^^^^^^^^^^^^^^^^^^^^^^^^^^^^^^^^^^^^^^^
  File "D:\VSCODE\PYTHON3\system\.venv\Lib\site-packages\pandas\core\reshape\concat.py", line 382, in concat
    op = _Concatenator(
         ^^^^^^^^^^^^^^
  File "D:\VSCODE\PYTHON3\system\.venv\Lib\site-packages\pandas\core\reshape\concat.py", line 445, in __init__
    objs, keys = self._clean_keys_and_objs(objs, keys)
                 ^^^^^^^^^^^^^^^^^^^^^^^^^^^^^^^^^^^^^
  File "D:\VSCODE\PYTHON3\system\.venv\Lib\site-packages\pandas\core\reshape\concat.py", line 507, in _clean_keys_and_objs
    raise ValueError("No objects to concatenate")
ValueError: No objects to concatenate
2026-02-06 11:41:25,128 - new_main - ERROR - Error in handle_print_request: No objects to concatenate
Traceback (most recent call last):
  File "D:\VSCODE\PYTHON3\system\new_main.py", line 97, in handle_print_request
    datas, seout_id = process_delivery_data(data, code_name)
                      ^^^^^^^^^^^^^^^^^^^^^^^^^^^^^^^^^^^^^^
  File "D:\VSCODE\PYTHON3\system\new_main.py", line 78, in process_delivery_data
    datas = pd.concat([df for df in results if not df.empty])
            ^^^^^^^^^^^^^^^^^^^^^^^^^^^^^^^^^^^^^^^^^^^^^^^^^
  File "D:\VSCODE\PYTHON3\system\.venv\Lib\site-packages\pandas\core\reshape\concat.py", line 382, in concat
    op = _Concatenator(
         ^^^^^^^^^^^^^^
  File "D:\VSCODE\PYTHON3\system\.venv\Lib\site-packages\pandas\core\reshape\concat.py", line 445, in __init__
    objs, keys = self._clean_keys_and_objs(objs, keys)
                 ^^^^^^^^^^^^^^^^^^^^^^^^^^^^^^^^^^^^^
  File "D:\VSCODE\PYTHON3\system\.venv\Lib\site-packages\pandas\core\reshape\concat.py", line 507, in _clean_keys_and_objs
    raise ValueError("No objects to concatenate")
ValueError: No objects to concatenate
2026-02-06 11:41:46,141 - new_main - INFO - 格式化输入单号：['JHS0101707']
2026-02-06 11:41:46,186 - new_main - INFO - 合并后的内容: 4 rows
2026-02-06 11:41:46,202 - new_main - ERROR - Error in handle_print_request: too many values to unpack (expected 2)
Traceback (most recent call last):
  File "D:\VSCODE\PYTHON3\system\new_main.py", line 103, in handle_print_request
    return render_template(template_name, table=datas.to_dict(orient='records'), data=seout_id)
           ^^^^^^^^^^^^^^^^^^^^^^^^^^^^^^^^^^^^^^^^^^^^^^^^^^^^^^^^^^^^^^^^^^^^^^^^^^^^^^^^^^^^
  File "D:\VSCODE\PYTHON3\system\.venv\Lib\site-packages\flask\templating.py", line 150, in render_template
    return _render(app, template, context)
           ^^^^^^^^^^^^^^^^^^^^^^^^^^^^^^^
  File "D:\VSCODE\PYTHON3\system\.venv\Lib\site-packages\flask\templating.py", line 131, in _render
    rv = template.render(context)
         ^^^^^^^^^^^^^^^^^^^^^^^^
  File "D:\VSCODE\PYTHON3\system\.venv\Lib\site-packages\jinja2\environment.py", line 1295, in render
    self.environment.handle_exception()
  File "D:\VSCODE\PYTHON3\system\.venv\Lib\site-packages\jinja2\environment.py", line 942, in handle_exception
    raise rewrite_traceback_stack(source=source)
  File "D:\VSCODE\PYTHON3\system\templates\yunHaiPrint.html", line 29, in top-level template code
    {% block map %}
  File "D:\VSCODE\PYTHON3\system\templates\yunHaiPrint.html", line 75, in block 'map'
    {% for d,i in table %}
ValueError: too many values to unpack (expected 2)
2026-02-06 11:41:49,408 - new_main - INFO - 格式化输入单号：['JHS0101707']
2026-02-06 11:41:49,423 - new_main - INFO - 合并后的内容: 4 rows
2026-02-06 11:41:49,424 - new_main - ERROR - Error in handle_print_request: too many values to unpack (expected 2)
Traceback (most recent call last):
  File "D:\VSCODE\PYTHON3\system\new_main.py", line 103, in handle_print_request
    return render_template(template_name, table=datas.to_dict(orient='records'), data=seout_id)
           ^^^^^^^^^^^^^^^^^^^^^^^^^^^^^^^^^^^^^^^^^^^^^^^^^^^^^^^^^^^^^^^^^^^^^^^^^^^^^^^^^^^^
  File "D:\VSCODE\PYTHON3\system\.venv\Lib\site-packages\flask\templating.py", line 150, in render_template
    return _render(app, template, context)
           ^^^^^^^^^^^^^^^^^^^^^^^^^^^^^^^
  File "D:\VSCODE\PYTHON3\system\.venv\Lib\site-packages\flask\templating.py", line 131, in _render
    rv = template.render(context)
         ^^^^^^^^^^^^^^^^^^^^^^^^
  File "D:\VSCODE\PYTHON3\system\.venv\Lib\site-packages\jinja2\environment.py", line 1295, in render
    self.environment.handle_exception()
  File "D:\VSCODE\PYTHON3\system\.venv\Lib\site-packages\jinja2\environment.py", line 942, in handle_exception
    raise rewrite_traceback_stack(source=source)
  File "D:\VSCODE\PYTHON3\system\templates\yunHaiPrint.html", line 29, in top-level template code
    {% block map %}
  File "D:\VSCODE\PYTHON3\system\templates\yunHaiPrint.html", line 75, in block 'map'
    {% for d,i in table %}
ValueError: too many values to unpack (expected 2)
2026-02-06 11:41:53,168 - new_main - INFO - 格式化输入单号：['JHS0101707']
2026-02-06 11:41:53,190 - new_main - INFO - 合并后的内容: 6 rows
2026-02-06 11:41:53,197 - new_main - ERROR - Error in handle_print_request: too many values to unpack (expected 2)
Traceback (most recent call last):
  File "D:\VSCODE\PYTHON3\system\new_main.py", line 103, in handle_print_request
    return render_template(template_name, table=datas.to_dict(orient='records'), data=seout_id)
           ^^^^^^^^^^^^^^^^^^^^^^^^^^^^^^^^^^^^^^^^^^^^^^^^^^^^^^^^^^^^^^^^^^^^^^^^^^^^^^^^^^^^
  File "D:\VSCODE\PYTHON3\system\.venv\Lib\site-packages\flask\templating.py", line 150, in render_template
    return _render(app, template, context)
           ^^^^^^^^^^^^^^^^^^^^^^^^^^^^^^^
  File "D:\VSCODE\PYTHON3\system\.venv\Lib\site-packages\flask\templating.py", line 131, in _render
    rv = template.render(context)
         ^^^^^^^^^^^^^^^^^^^^^^^^
  File "D:\VSCODE\PYTHON3\system\.venv\Lib\site-packages\jinja2\environment.py", line 1295, in render
    self.environment.handle_exception()
  File "D:\VSCODE\PYTHON3\system\.venv\Lib\site-packages\jinja2\environment.py", line 942, in handle_exception
    raise rewrite_traceback_stack(source=source)
  File "D:\VSCODE\PYTHON3\system\templates\jiuMaoPrint.html", line 28, in top-level template code
    {% block map %}
  File "D:\VSCODE\PYTHON3\system\templates\jiuMaoPrint.html", line 78, in block 'map'
    {% for d,i in table %}
ValueError: too many values to unpack (expected 2)
2026-02-06 11:43:50,861 - app_client - INFO - 格式化输入单号：['JHS0101707']
2026-02-06 11:43:51,003 - app_client - INFO - 合并后的内容: 4 rows
2026-02-07 08:42:02,373 - app_client - INFO - LSM查询输入: 刀
2026-02-07 08:42:02,626 - app_client - INFO - LSM单条件查询成功: 140 条记录
2026-02-07 16:25:53,996 - app_client - INFO - 查询输入: 硬盘
2026-02-07 16:25:54,201 - app_client - INFO - 单条件查询成功: 36 条记录
2026-02-07 16:28:35,381 - app_client - INFO - 查询输入: 硬盘
2026-02-07 16:28:35,635 - app_client - INFO - 单条件查询成功: 36 条记录
2026-02-07 16:40:21,098 - new_main - INFO - 查询输入: 电脑
2026-02-07 16:40:21,352 - new_main - INFO - 单条件查询成功: 45 条记录
2026-02-07 16:40:48,440 - new_main - INFO - 查询输入: ABS管
2026-02-07 16:40:48,570 - new_main - INFO - 单条件查询成功: 41 条记录
2026-04-27 16:17:16,809 - new_main - INFO - 格式化输入单号：['JHS0101707']
2026-04-27 16:17:17,008 - new_main - INFO - 合并后的内容: 4 rows
2026-04-27 16:17:17,014 - new_main - ERROR - Error in handle_print_request: too many values to unpack (expected 2)
Traceback (most recent call last):
  File "D:\VSCODE\PYTHON3\system\new_main.py", line 103, in handle_print_request
    return render_template(template_name, table=datas.to_dict(orient='records'), data=seout_id)
           ^^^^^^^^^^^^^^^^^^^^^^^^^^^^^^^^^^^^^^^^^^^^^^^^^^^^^^^^^^^^^^^^^^^^^^^^^^^^^^^^^^^^
  File "D:\VSCODE\PYTHON3\system\.venv\Lib\site-packages\flask\templating.py", line 150, in render_template
    return _render(app, template, context)
           ^^^^^^^^^^^^^^^^^^^^^^^^^^^^^^^
  File "D:\VSCODE\PYTHON3\system\.venv\Lib\site-packages\flask\templating.py", line 131, in _render
    rv = template.render(context)
         ^^^^^^^^^^^^^^^^^^^^^^^^
  File "D:\VSCODE\PYTHON3\system\.venv\Lib\site-packages\jinja2\environment.py", line 1295, in render
    self.environment.handle_exception()
  File "D:\VSCODE\PYTHON3\system\.venv\Lib\site-packages\jinja2\environment.py", line 942, in handle_exception
    raise rewrite_traceback_stack(source=source)
  File "D:\VSCODE\PYTHON3\system\templates\yunHaiPrint.html", line 29, in top-level template code
    {% block map %}
  File "D:\VSCODE\PYTHON3\system\templates\yunHaiPrint.html", line 75, in block 'map'
    {% for d,i in table %}
ValueError: too many values to unpack (expected 2)
2026-04-27 16:17:20,555 - new_main - INFO - 格式化输入单号：['JHS0103830']
2026-04-27 16:17:20,567 - new_main - INFO - 合并后的内容: 1 rows
2026-04-27 16:17:20,569 - new_main - ERROR - Error in handle_print_request: too many values to unpack (expected 2)
Traceback (most recent call last):
  File "D:\VSCODE\PYTHON3\system\new_main.py", line 103, in handle_print_request
    return render_template(template_name, table=datas.to_dict(orient='records'), data=seout_id)
           ^^^^^^^^^^^^^^^^^^^^^^^^^^^^^^^^^^^^^^^^^^^^^^^^^^^^^^^^^^^^^^^^^^^^^^^^^^^^^^^^^^^^
  File "D:\VSCODE\PYTHON3\system\.venv\Lib\site-packages\flask\templating.py", line 150, in render_template
    return _render(app, template, context)
           ^^^^^^^^^^^^^^^^^^^^^^^^^^^^^^^
  File "D:\VSCODE\PYTHON3\system\.venv\Lib\site-packages\flask\templating.py", line 131, in _render
    rv = template.render(context)
         ^^^^^^^^^^^^^^^^^^^^^^^^
  File "D:\VSCODE\PYTHON3\system\.venv\Lib\site-packages\jinja2\environment.py", line 1295, in render
    self.environment.handle_exception()
  File "D:\VSCODE\PYTHON3\system\.venv\Lib\site-packages\jinja2\environment.py", line 942, in handle_exception
    raise rewrite_traceback_stack(source=source)
  File "D:\VSCODE\PYTHON3\system\templates\yunHaiPrint.html", line 29, in top-level template code
    {% block map %}
  File "D:\VSCODE\PYTHON3\system\templates\yunHaiPrint.html", line 75, in block 'map'
    {% for d,i in table %}
ValueError: too many values to unpack (expected 2)
2026-04-27 16:20:58,578 - new_main - INFO - 格式化输入单号：['JHS0101707']
2026-04-27 16:20:58,605 - new_main - INFO - 合并后的内容: 4 rows
2026-04-27 16:20:58,606 - new_main - ERROR - Error in handle_print_request: too many values to unpack (expected 2)
Traceback (most recent call last):
  File "D:\VSCODE\PYTHON3\system\new_main.py", line 103, in handle_print_request
    return render_template(template_name, table=datas.iterrows(), data=seout_id)
           ^^^^^^^^^^^^^^^^^^^^^^^^^^^^^^^^^^^^^^^^^^^^^^^^^^^^^^^^^^^^^^^^^^^^^^
  File "D:\VSCODE\PYTHON3\system\.venv\Lib\site-packages\flask\templating.py", line 150, in render_template
    return _render(app, template, context)
           ^^^^^^^^^^^^^^^^^^^^^^^^^^^^^^^
  File "D:\VSCODE\PYTHON3\system\.venv\Lib\site-packages\flask\templating.py", line 131, in _render
    rv = template.render(context)
         ^^^^^^^^^^^^^^^^^^^^^^^^
  File "D:\VSCODE\PYTHON3\system\.venv\Lib\site-packages\jinja2\environment.py", line 1295, in render
    self.environment.handle_exception()
  File "D:\VSCODE\PYTHON3\system\.venv\Lib\site-packages\jinja2\environment.py", line 942, in handle_exception
    raise rewrite_traceback_stack(source=source)
  File "D:\VSCODE\PYTHON3\system\templates\yunHaiPrint.html", line 29, in top-level template code
    {% block map %}
  File "D:\VSCODE\PYTHON3\system\templates\yunHaiPrint.html", line 75, in block 'map'
    {% for d,i in table %}
ValueError: too many values to unpack (expected 2)
2026-04-27 16:21:42,607 - new_main - INFO - 格式化输入单号：['JHS0101707']
2026-04-27 16:21:42,616 - new_main - INFO - 合并后的内容: 4 rows
2026-04-27 16:21:42,618 - new_main - ERROR - Error in handle_print_request: too many values to unpack (expected 2)
Traceback (most recent call last):
  File "D:\VSCODE\PYTHON3\system\new_main.py", line 103, in handle_print_request
    table_data = [(i, row.to_dict()) for i, row in datas.iterrows()]
           ^^^^^^^^^^^^^^^^^^^^^^^^^^^^^^^^^^^^^^^^^^^^^^^^^^^^^^^^^^
  File "D:\VSCODE\PYTHON3\system\.venv\Lib\site-packages\flask\templating.py", line 150, in render_template
    return _render(app, template, context)
           ^^^^^^^^^^^^^^^^^^^^^^^^^^^^^^^
  File "D:\VSCODE\PYTHON3\system\.venv\Lib\site-packages\flask\templating.py", line 131, in _render
    rv = template.render(context)
         ^^^^^^^^^^^^^^^^^^^^^^^^
  File "D:\VSCODE\PYTHON3\system\.venv\Lib\site-packages\jinja2\environment.py", line 1295, in render
    self.environment.handle_exception()
  File "D:\VSCODE\PYTHON3\system\.venv\Lib\site-packages\jinja2\environment.py", line 942, in handle_exception
    raise rewrite_traceback_stack(source=source)
  File "D:\VSCODE\PYTHON3\system\templates\yunHaiPrint.html", line 29, in top-level template code
    {% block map %}
  File "D:\VSCODE\PYTHON3\system\templates\yunHaiPrint.html", line 75, in block 'map'
    {% for d,i in table %}
ValueError: too many values to unpack (expected 2)
2026-04-27 16:22:37,803 - new_main - INFO - 格式化输入单号：['JHS0101707']
2026-04-27 16:22:37,812 - new_main - INFO - 合并后的内容: 4 rows
2026-04-27 16:22:37,814 - new_main - ERROR - Error in handle_print_request: too many values to unpack (expected 2)
Traceback (most recent call last):
  File "D:\VSCODE\PYTHON3\system\new_main.py", line 103, in handle_print_request
    return render_template(template_name, table=datas.to_dict(orient='records'), data=seout_id)
           ^^^^^^^^^^^^^^^^^^^^^^^^^^^^^^^^^^^^^^^^^^^^^^^^^^^^^^^^^^^^^^^^^^^^^^^^^^^^^^^^^^^^
  File "D:\VSCODE\PYTHON3\system\.venv\Lib\site-packages\flask\templating.py", line 150, in render_template
    return _render(app, template, context)
           ^^^^^^^^^^^^^^^^^^^^^^^^^^^^^^^
  File "D:\VSCODE\PYTHON3\system\.venv\Lib\site-packages\flask\templating.py", line 131, in _render
    rv = template.render(context)
         ^^^^^^^^^^^^^^^^^^^^^^^^
  File "D:\VSCODE\PYTHON3\system\.venv\Lib\site-packages\jinja2\environment.py", line 1295, in render
    self.environment.handle_exception()
  File "D:\VSCODE\PYTHON3\system\.venv\Lib\site-packages\jinja2\environment.py", line 942, in handle_exception
    raise rewrite_traceback_stack(source=source)
  File "D:\VSCODE\PYTHON3\system\templates\yunHaiPrint.html", line 29, in top-level template code
    {% block map %}
  File "D:\VSCODE\PYTHON3\system\templates\yunHaiPrint.html", line 75, in block 'map'
    {% for i in table %}
ValueError: too many values to unpack (expected 2)
2026-04-27 16:23:18,423 - new_main - INFO - 格式化输入单号：['JHS0101707']
2026-04-27 16:23:18,542 - new_main - INFO - 合并后的内容: 4 rows
2026-04-27 16:24:25,976 - new_main - INFO - 格式化输入单号：['JHS0101707']
2026-04-27 16:24:25,987 - new_main - INFO - 合并后的内容: 4 rows
2026-04-27 16:24:37,398 - new_main - INFO - 格式化输入单号：['JHS0101707']
2026-04-27 16:24:37,407 - new_main - INFO - 合并后的内容: 6 rows
2026-04-27 16:42:10,306 - new_main - INFO - 格式化输入单号：['JHS0101707']
2026-04-27 16:42:10,332 - new_main - INFO - 合并后的内容: 6 rows
2026-04-27 16:42:13,440 - new_main - INFO - 格式化输入单号：['JHS0102814']
2026-04-27 16:42:13,447 - new_main - INFO - 合并后的内容: 2 rows
2026-04-27 16:43:23,523 - new_main - INFO - 格式化输入单号：['JHS0101707']
2026-04-27 16:43:23,623 - new_main - ERROR - 数据处理错误: No objects to concatenate
Traceback (most recent call last):
  File "D:\VSCODE\PYTHON3\system\new_main.py", line 78, in process_delivery_data
    datas = pd.concat([df for df in results if not df.empty])
            ^^^^^^^^^^^^^^^^^^^^^^^^^^^^^^^^^^^^^^^^^^^^^^^^^
  File "D:\VSCODE\PYTHON3\system\.venv\Lib\site-packages\pandas\core\reshape\concat.py", line 382, in concat
    op = _Concatenator(
         ^^^^^^^^^^^^^^
  File "D:\VSCODE\PYTHON3\system\.venv\Lib\site-packages\pandas\core\reshape\concat.py", line 445, in __init__
    objs, keys = self._clean_keys_and_objs(objs, keys)
                 ^^^^^^^^^^^^^^^^^^^^^^^^^^^^^^^^^^^^^
  File "D:\VSCODE\PYTHON3\system\.venv\Lib\site-packages\pandas\core\reshape\concat.py", line 507, in _clean_keys_and_objs
    raise ValueError("No objects to concatenate")
ValueError: No objects to concatenate
2026-04-27 16:43:23,624 - new_main - ERROR - Error in zhidongli route: No objects to concatenate
Traceback (most recent call last):
  File "D:\VSCODE\PYTHON3\system\new_main.py", line 200, in zhidongli
    datas, seout_id = process_delivery_data(data, 2)
                      ^^^^^^^^^^^^^^^^^^^^^^^^^^^^^^
  File "D:\VSCODE\PYTHON3\system\new_main.py", line 78, in process_delivery_data
    datas = pd.concat([df for df in results if not df.empty])
            ^^^^^^^^^^^^^^^^^^^^^^^^^^^^^^^^^^^^^^^^^^^^^^^^^
  File "D:\VSCODE\PYTHON3\system\.venv\Lib\site-packages\pandas\core\reshape\concat.py", line 382, in concat
    op = _Concatenator(
         ^^^^^^^^^^^^^^
  File "D:\VSCODE\PYTHON3\system\.venv\Lib\site-packages\pandas\core\reshape\concat.py", line 445, in __init__
    objs, keys = self._clean_keys_and_objs(objs, keys)
                 ^^^^^^^^^^^^^^^^^^^^^^^^^^^^^^^^^^^^^
  File "D:\VSCODE\PYTHON3\system\.venv\Lib\site-packages\pandas\core\reshape\concat.py", line 507, in _clean_keys_and_objs
    raise ValueError("No objects to concatenate")
ValueError: No objects to concatenate
2026-04-27 16:43:26,296 - new_main - INFO - 格式化输入单号：['JHS0103830']
2026-04-27 16:43:26,305 - new_main - ERROR - 数据处理错误: No objects to concatenate
Traceback (most recent call last):
  File "D:\VSCODE\PYTHON3\system\new_main.py", line 78, in process_delivery_data
    datas = pd.concat([df for df in results if not df.empty])
            ^^^^^^^^^^^^^^^^^^^^^^^^^^^^^^^^^^^^^^^^^^^^^^^^^
  File "D:\VSCODE\PYTHON3\system\.venv\Lib\site-packages\pandas\core\reshape\concat.py", line 382, in concat
    op = _Concatenator(
         ^^^^^^^^^^^^^^
  File "D:\VSCODE\PYTHON3\system\.venv\Lib\site-packages\pandas\core\reshape\concat.py", line 445, in __init__
    objs, keys = self._clean_keys_and_objs(objs, keys)
                 ^^^^^^^^^^^^^^^^^^^^^^^^^^^^^^^^^^^^^
  File "D:\VSCODE\PYTHON3\system\.venv\Lib\site-packages\pandas\core\reshape\concat.py", line 507, in _clean_keys_and_objs
    raise ValueError("No objects to concatenate")
ValueError: No objects to concatenate
2026-04-27 16:43:26,306 - new_main - ERROR - Error in zhidongli route: No objects to concatenate
Traceback (most recent call last):
  File "D:\VSCODE\PYTHON3\system\new_main.py", line 200, in zhidongli
    datas, seout_id = process_delivery_data(data, 2)
                      ^^^^^^^^^^^^^^^^^^^^^^^^^^^^^^
  File "D:\VSCODE\PYTHON3\system\new_main.py", line 78, in process_delivery_data
    datas = pd.concat([df for df in results if not df.empty])
            ^^^^^^^^^^^^^^^^^^^^^^^^^^^^^^^^^^^^^^^^^^^^^^^^^
  File "D:\VSCODE\PYTHON3\system\.venv\Lib\site-packages\pandas\core\reshape\concat.py", line 382, in concat
    op = _Concatenator(
         ^^^^^^^^^^^^^^
  File "D:\VSCODE\PYTHON3\system\.venv\Lib\site-packages\pandas\core\reshape\concat.py", line 445, in __init__
    objs, keys = self._clean_keys_and_objs(objs, keys)
                 ^^^^^^^^^^^^^^^^^^^^^^^^^^^^^^^^^^^^^
  File "D:\VSCODE\PYTHON3\system\.venv\Lib\site-packages\pandas\core\reshape\concat.py", line 507, in _clean_keys_and_objs
    raise ValueError("No objects to concatenate")
ValueError: No objects to concatenate
2026-04-27 16:43:31,121 - new_main - INFO - 格式化输入单号：['JHS0101707']
2026-04-27 16:43:31,132 - new_main - INFO - 合并后的内容: 4 rows
2026-05-09 16:02:54,077 - new_main - INFO - 格式化输入单号：['JHS-2234']
2026-05-09 16:02:54,226 - new_main - ERROR - 数据处理错误: No objects to concatenate
Traceback (most recent call last):
  File "D:\VSCODE\PYTHON3\system\new_main.py", line 78, in process_delivery_data
    datas = pd.concat([df for df in results if not df.empty])
            ^^^^^^^^^^^^^^^^^^^^^^^^^^^^^^^^^^^^^^^^^^^^^^^^^
  File "D:\VSCODE\PYTHON3\system\.venv\Lib\site-packages\pandas\core\reshape\concat.py", line 382, in concat
    op = _Concatenator(
         ^^^^^^^^^^^^^^
  File "D:\VSCODE\PYTHON3\system\.venv\Lib\site-packages\pandas\core\reshape\concat.py", line 445, in __init__
    objs, keys = self._clean_keys_and_objs(objs, keys)
                 ^^^^^^^^^^^^^^^^^^^^^^^^^^^^^^^^^^^^^
  File "D:\VSCODE\PYTHON3\system\.venv\Lib\site-packages\pandas\core\reshape\concat.py", line 507, in _clean_keys_and_objs
    raise ValueError("No objects to concatenate")
ValueError: No objects to concatenate
2026-05-09 16:02:54,230 - new_main - ERROR - Error in handle_print_request: No objects to concatenate
Traceback (most recent call last):
  File "D:\VSCODE\PYTHON3\system\new_main.py", line 97, in handle_print_request
    datas, seout_id = process_delivery_data(data, code_name)
                      ^^^^^^^^^^^^^^^^^^^^^^^^^^^^^^^^^^^^^^
  File "D:\VSCODE\PYTHON3\system\new_main.py", line 78, in process_delivery_data
    datas = pd.concat([df for df in results if not df.empty])
            ^^^^^^^^^^^^^^^^^^^^^^^^^^^^^^^^^^^^^^^^^^^^^^^^^
  File "D:\VSCODE\PYTHON3\system\.venv\Lib\site-packages\pandas\core\reshape\concat.py", line 382, in concat
    op = _Concatenator(
         ^^^^^^^^^^^^^^
  File "D:\VSCODE\PYTHON3\system\.venv\Lib\site-packages\pandas\core\reshape\concat.py", line 445, in __init__
    objs, keys = self._clean_keys_and_objs(objs, keys)
                 ^^^^^^^^^^^^^^^^^^^^^^^^^^^^^^^^^^^^^
  File "D:\VSCODE\PYTHON3\system\.venv\Lib\site-packages\pandas\core\reshape\concat.py", line 507, in _clean_keys_and_objs
    raise ValueError("No objects to concatenate")
ValueError: No objects to concatenate
2026-05-09 16:03:07,685 - new_main - INFO - 格式化输入单号：['JHS0102854']
2026-05-09 16:03:07,697 - new_main - INFO - 合并后的内容: 1 rows
2026-05-09 16:03:09,435 - new_main - INFO - 格式化输入单号：['JHS0102854']
2026-05-09 16:03:09,445 - new_main - INFO - 合并后的内容: 1 rows
2026-05-09 16:03:12,875 - new_main - INFO - 格式化输入单号：['JHS0102853']
2026-05-09 16:03:12,885 - new_main - INFO - 合并后的内容: 1 rows
2026-05-09 16:03:16,077 - new_main - INFO - 格式化输入单号：['JHS0102844']
2026-05-09 16:03:16,087 - new_main - INFO - 合并后的内容: 1 rows
2026-05-09 16:03:26,944 - new_main - INFO - 格式化输入单号：['JHS0102844']
2026-05-09 16:03:26,952 - new_main - INFO - 合并后的内容: 1 rows
2026-05-09 16:19:38,440 - new_main - INFO - 查询输入: 23
2026-05-09 16:19:38,624 - new_main - INFO - 单条件查询成功: 914 条记录
2026-05-09 16:19:46,423 - new_main - INFO - 查询输入: 硬盘
2026-05-09 16:19:46,570 - new_main - INFO - 单条件查询成功: 36 条记录
2026-05-09 16:20:12,413 - new_main - INFO - LSM查询输入: 硬盘
2026-05-09 16:20:12,499 - new_main - INFO - LSM单条件查询成功: 27 条记录
2026-05-09 16:20:21,695 - new_main - INFO - LSM查询输入: 电脑
2026-05-09 16:20:21,768 - new_main - INFO - LSM单条件查询成功: 47 条记录
2026-05-09 16:27:13,081 - new_main - INFO - LSM查询输入: 电脑
2026-05-09 16:27:13,214 - new_main - INFO - LSM单条件查询成功: 47 条记录
2026-05-09 16:27:17,489 - new_main - INFO - LSM查询输入: 围栏
2026-05-09 16:27:17,562 - new_main - INFO - LSM单条件查询成功: 2 条记录
2026-05-09 16:27:20,194 - new_main - INFO - LSM查询输入: 电脑
2026-05-09 16:27:20,274 - new_main - INFO - LSM单条件查询成功: 47 条记录
2026-06-13 09:34:14,564 - new_main - WARNING - 未提供翻译文本
2026-06-13 09:34:14,571 - new_main - INFO - 格式化输入单号：['JHS0172378']
2026-06-13 09:34:14,644 - new_main - ERROR - 数据处理错误: No objects to concatenate
Traceback (most recent call last):
  File "C:\Users\Administrator\pi-cwd-20260603\system\new_main.py", line 89, in process_delivery_data
    datas = pd.concat([df for df in results if not df.empty])
            ^^^^^^^^^^^^^^^^^^^^^^^^^^^^^^^^^^^^^^^^^^^^^^^^^
  File "C:\Users\Administrator\AppData\Local\Programs\Python\Python311\Lib\site-packages\pandas\core\reshape\concat.py", line 372, in concat
    op = _Concatenator(
         ^^^^^^^^^^^^^^
  File "C:\Users\Administrator\AppData\Local\Programs\Python\Python311\Lib\site-packages\pandas\core\reshape\concat.py", line 429, in __init__
    raise ValueError("No objects to concatenate")
ValueError: No objects to concatenate
2026-06-13 09:34:14,661 - new_main - ERROR - Error in handle_print_request: No objects to concatenate
Traceback (most recent call last):
  File "C:\Users\Administrator\pi-cwd-20260603\system\new_main.py", line 108, in handle_print_request
    datas, seout_id = process_delivery_data(data, code_name)
                      ^^^^^^^^^^^^^^^^^^^^^^^^^^^^^^^^^^^^^^
  File "C:\Users\Administrator\pi-cwd-20260603\system\new_main.py", line 89, in process_delivery_data
    datas = pd.concat([df for df in results if not df.empty])
            ^^^^^^^^^^^^^^^^^^^^^^^^^^^^^^^^^^^^^^^^^^^^^^^^^
  File "C:\Users\Administrator\AppData\Local\Programs\Python\Python311\Lib\site-packages\pandas\core\reshape\concat.py", line 372, in concat
    op = _Concatenator(
         ^^^^^^^^^^^^^^
  File "C:\Users\Administrator\AppData\Local\Programs\Python\Python311\Lib\site-packages\pandas\core\reshape\concat.py", line 429, in __init__
    raise ValueError("No objects to concatenate")
ValueError: No objects to concatenate
2026-06-13 09:50:05,979 - new_main - WARNING - 未提供翻译文本
2026-06-13 10:37:22,467 - new_main - ERROR - Exception on /favicon.ico [GET]
Traceback (most recent call last):
  File "C:\Users\Administrator\pi-cwd-20260603\system\.venv\Lib\site-packages\flask\app.py", line 1484, in full_dispatch_request
    rv = self.dispatch_request()
         ^^^^^^^^^^^^^^^^^^^^^^^
  File "C:\Users\Administrator\pi-cwd-20260603\system\.venv\Lib\site-packages\flask\app.py", line 1458, in dispatch_request
    self.raise_routing_exception(req)
  File "C:\Users\Administrator\pi-cwd-20260603\system\.venv\Lib\site-packages\flask\app.py", line 1440, in raise_routing_exception
    raise request.routing_exception  # type: ignore
    ^^^^^^^^^^^^^^^^^^^^^^^^^^^^^^^
  File "C:\Users\Administrator\pi-cwd-20260603\system\.venv\Lib\site-packages\flask\ctx.py", line 353, in match_request
    result = self.url_adapter.match(return_rule=True)  # type: ignore
             ^^^^^^^^^^^^^^^^^^^^^^^^^^^^^^^^^^^^^^^^
  File "C:\Users\Administrator\pi-cwd-20260603\system\.venv\Lib\site-packages\werkzeug\routing\map.py", line 629, in match
    raise NotFound() from None
werkzeug.exceptions.NotFound: 404 Not Found: The requested URL was not found on the server. If you entered the URL manually please check your spelling and try again.

During handling of the above exception, another exception occurred:

Traceback (most recent call last):
  File "C:\Users\Administrator\pi-cwd-20260603\system\.venv\Lib\site-packages\flask\app.py", line 2190, in wsgi_app
    response = self.full_dispatch_request()
               ^^^^^^^^^^^^^^^^^^^^^^^^^^^^
  File "C:\Users\Administrator\pi-cwd-20260603\system\.venv\Lib\site-packages\flask\app.py", line 1486, in full_dispatch_request
    rv = self.handle_user_exception(e)
         ^^^^^^^^^^^^^^^^^^^^^^^^^^^^^
  File "C:\Users\Administrator\pi-cwd-20260603\system\.venv\Lib\site-packages\flask\app.py", line 1341, in handle_user_exception
    return self.handle_http_exception(e)
           ^^^^^^^^^^^^^^^^^^^^^^^^^^^^^
  File "C:\Users\Administrator\pi-cwd-20260603\system\.venv\Lib\site-packages\flask\app.py", line 1281, in handle_http_exception
    return self.ensure_sync(handler)(e)
           ^^^^^^^^^^^^^^^^^^^^^^^^^^^^
  File "C:\Users\Administrator\pi-cwd-20260603\system\new_main.py", line 49, in not_found
    return render_template('error.html', error='页面未找到 (404)'), 404
           ^^^^^^^^^^^^^^^^^^^^^^^^^^^^^^^^^^^^^^^^^^^^^^^^^^
  File "C:\Users\Administrator\pi-cwd-20260603\system\.venv\Lib\site-packages\flask\templating.py", line 150, in render_template
    template = app.jinja_env.get_or_select_template(template_name_or_list)
               ^^^^^^^^^^^^^^^^^^^^^^^^^^^^^^^^^^^^^^^^^^^^^^^^^^^^^^^^^^^
  File "C:\Users\Administrator\pi-cwd-20260603\system\.venv\Lib\site-packages\jinja2\environment.py", line 1087, in get_or_select_template
    return self.get_template(template_name_or_list, parent, globals)
           ^^^^^^^^^^^^^^^^^^^^^^^^^^^^^^^^^^^^^^^^^^^^^^^^^^^^^^^^^
  File "C:\Users\Administrator\pi-cwd-20260603\system\.venv\Lib\site-packages\jinja2\environment.py", line 1016, in get_template
    return self._load_template(name, globals)
           ^^^^^^^^^^^^^^^^^^^^^^^^^^^^^^^^^^
  File "C:\Users\Administrator\pi-cwd-20260603\system\.venv\Lib\site-packages\jinja2\environment.py", line 975, in _load_template
    template = self.loader.load(self, name, self.make_globals(globals))
               ^^^^^^^^^^^^^^^^^^^^^^^^^^^^^^^^^^^^^^^^^^^^^^^^^^^^^^^^
  File "C:\Users\Administrator\pi-cwd-20260603\system\.venv\Lib\site-packages\jinja2\loaders.py", line 126, in load
    source, filename, uptodate = self.get_source(environment, name)
                                 ^^^^^^^^^^^^^^^^^^^^^^^^^^^^^^^^^^
  File "C:\Users\Administrator\pi-cwd-20260603\system\.venv\Lib\site-packages\flask\templating.py", line 64, in get_source
    return self._get_source_fast(environment, template)
           ^^^^^^^^^^^^^^^^^^^^^^^^^^^^^^^^^^^^^^^^^^^^
  File "C:\Users\Administrator\pi-cwd-20260603\system\.venv\Lib\site-packages\flask\templating.py", line 98, in _get_source_fast
    raise TemplateNotFound(template)
jinja2.exceptions.TemplateNotFound: error.html
2026-06-13 10:37:22,478 - new_main - ERROR - 服务器内部错误: 500 Internal Server Error: The server encountered an internal error and was unable to complete your request. Either the server is overloaded or there is an error in the application.
Traceback (most recent call last):
  File "C:\Users\Administrator\pi-cwd-20260603\system\.venv\Lib\site-packages\flask\app.py", line 1484, in full_dispatch_request
    rv = self.dispatch_request()
         ^^^^^^^^^^^^^^^^^^^^^^^
  File "C:\Users\Administrator\pi-cwd-20260603\system\.venv\Lib\site-packages\flask\app.py", line 1458, in dispatch_request
    self.raise_routing_exception(req)
  File "C:\Users\Administrator\pi-cwd-20260603\system\.venv\Lib\site-packages\flask\app.py", line 1440, in raise_routing_exception
    raise request.routing_exception  # type: ignore
    ^^^^^^^^^^^^^^^^^^^^^^^^^^^^^^^
  File "C:\Users\Administrator\pi-cwd-20260603\system\.venv\Lib\site-packages\flask\ctx.py", line 353, in match_request
    result = self.url_adapter.match(return_rule=True)  # type: ignore
             ^^^^^^^^^^^^^^^^^^^^^^^^^^^^^^^^^^^^^^^^
  File "C:\Users\Administrator\pi-cwd-20260603\system\.venv\Lib\site-packages\werkzeug\routing\map.py", line 629, in match
    raise NotFound() from None
werkzeug.exceptions.NotFound: 404 Not Found: The requested URL was not found on the server. If you entered the URL manually please check your spelling and try again.

During handling of the above exception, another exception occurred:

Traceback (most recent call last):
  File "C:\Users\Administrator\pi-cwd-20260603\system\.venv\Lib\site-packages\flask\app.py", line 2190, in wsgi_app
    response = self.full_dispatch_request()
               ^^^^^^^^^^^^^^^^^^^^^^^^^^^^
  File "C:\Users\Administrator\pi-cwd-20260603\system\.venv\Lib\site-packages\flask\app.py", line 1486, in full_dispatch_request
    rv = self.handle_user_exception(e)
         ^^^^^^^^^^^^^^^^^^^^^^^^^^^^^
  File "C:\Users\Administrator\pi-cwd-20260603\system\.venv\Lib\site-packages\flask\app.py", line 1341, in handle_user_exception
    return self.handle_http_exception(e)
           ^^^^^^^^^^^^^^^^^^^^^^^^^^^^^
  File "C:\Users\Administrator\pi-cwd-20260603\system\.venv\Lib\site-packages\flask\app.py", line 1281, in handle_http_exception
    return self.ensure_sync(handler)(e)
           ^^^^^^^^^^^^^^^^^^^^^^^^^^^^
  File "C:\Users\Administrator\pi-cwd-20260603\system\new_main.py", line 49, in not_found
    return render_template('error.html', error='页面未找到 (404)'), 404
           ^^^^^^^^^^^^^^^^^^^^^^^^^^^^^^^^^^^^^^^^^^^^^^^^^^
  File "C:\Users\Administrator\pi-cwd-20260603\system\.venv\Lib\site-packages\flask\templating.py", line 150, in render_template
    template = app.jinja_env.get_or_select_template(template_name_or_list)
               ^^^^^^^^^^^^^^^^^^^^^^^^^^^^^^^^^^^^^^^^^^^^^^^^^^^^^^^^^^^
  File "C:\Users\Administrator\pi-cwd-20260603\system\.venv\Lib\site-packages\jinja2\environment.py", line 1087, in get_or_select_template
    return self.get_template(template_name_or_list, parent, globals)
           ^^^^^^^^^^^^^^^^^^^^^^^^^^^^^^^^^^^^^^^^^^^^^^^^^^^^^^^^^
  File "C:\Users\Administrator\pi-cwd-20260603\system\.venv\Lib\site-packages\jinja2\environment.py", line 1016, in get_template
    return self._load_template(name, globals)
           ^^^^^^^^^^^^^^^^^^^^^^^^^^^^^^^^^^
  File "C:\Users\Administrator\pi-cwd-20260603\system\.venv\Lib\site-packages\jinja2\environment.py", line 975, in _load_template
    template = self.loader.load(self, name, self.make_globals(globals))
               ^^^^^^^^^^^^^^^^^^^^^^^^^^^^^^^^^^^^^^^^^^^^^^^^^^^^^^^^
  File "C:\Users\Administrator\pi-cwd-20260603\system\.venv\Lib\site-packages\jinja2\loaders.py", line 126, in load
    source, filename, uptodate = self.get_source(environment, name)
                                 ^^^^^^^^^^^^^^^^^^^^^^^^^^^^^^^^^^
  File "C:\Users\Administrator\pi-cwd-20260603\system\.venv\Lib\site-packages\flask\templating.py", line 64, in get_source
    return self._get_source_fast(environment, template)
           ^^^^^^^^^^^^^^^^^^^^^^^^^^^^^^^^^^^^^^^^^^^^
  File "C:\Users\Administrator\pi-cwd-20260603\system\.venv\Lib\site-packages\flask\templating.py", line 98, in _get_source_fast
    raise TemplateNotFound(template)
jinja2.exceptions.TemplateNotFound: error.html
2026-06-13 10:48:43,544 - new_main - ERROR - Exception on /bartender_tag/ [GET]
Traceback (most recent call last):
  File "C:\Users\Administrator\pi-cwd-20260603\system\.venv\Lib\site-packages\flask\app.py", line 1484, in full_dispatch_request
    rv = self.dispatch_request()
         ^^^^^^^^^^^^^^^^^^^^^^^
  File "C:\Users\Administrator\pi-cwd-20260603\system\.venv\Lib\site-packages\flask\app.py", line 1469, in dispatch_request
    return self.ensure_sync(self.view_functions[rule.endpoint])(**view_args)
           ^^^^^^^^^^^^^^^^^^^^^^^^^^^^^^^^^^^^^^^^^^^^^^^^^^^^^^^^^^^^^^^^^
  File "C:\Users\Administrator\pi-cwd-20260603\system\new_main.py", line 143, in bartender_tag
    return send_from_directory('bartender_tag', '字段代码2026.html')
           ^^^^^^^^^^^^^^^^^^^^^^^^^^^^^^^^^^^^^^^^^^^^^^^^^^^^^
  File "C:\Users\Administrator\pi-cwd-20260603\system\.venv\Lib\site-packages\flask\helpers.py", line 557, in send_from_directory
    return werkzeug.utils.send_from_directory(  # type: ignore[return-value]
           ^^^^^^^^^^^^^^^^^^^^^^^^^^^^^^^^^^^^^^^^^^^^^^^^^^^^^^^^^^^^^^^^^
  File "C:\Users\Administrator\pi-cwd-20260603\system\.venv\Lib\site-packages\werkzeug\utils.py", line 568, in send_from_directory
    raise NotFound()
werkzeug.exceptions.NotFound: 404 Not Found: The requested URL was not found on the server. If you entered the URL manually please check your spelling and try again.

During handling of the above exception, another exception occurred:

Traceback (most recent call last):
  File "C:\Users\Administrator\pi-cwd-20260603\system\.venv\Lib\site-packages\flask\app.py", line 2190, in wsgi_app
    response = self.full_dispatch_request()
               ^^^^^^^^^^^^^^^^^^^^^^^^^^^^
  File "C:\Users\Administrator\pi-cwd-20260603\system\.venv\Lib\site-packages\flask\app.py", line 1486, in full_dispatch_request
    rv = self.handle_user_exception(e)
         ^^^^^^^^^^^^^^^^^^^^^^^^^^^^^
  File "C:\Users\Administrator\pi-cwd-20260603\system\.venv\Lib\site-packages\flask\app.py", line 1341, in handle_user_exception
    return self.handle_http_exception(e)
           ^^^^^^^^^^^^^^^^^^^^^^^^^^^^^
  File "C:\Users\Administrator\pi-cwd-20260603\system\.venv\Lib\site-packages\flask\app.py", line 1281, in handle_http_exception
    return self.ensure_sync(handler)(e)
           ^^^^^^^^^^^^^^^^^^^^^^^^^^^^
  File "C:\Users\Administrator\pi-cwd-20260603\system\new_main.py", line 49, in not_found
    return render_template('error.html', error='页面未找到 (404)'), 404
           ^^^^^^^^^^^^^^^^^^^^^^^^^^^^^^^^^^^^^^^^^^^^^^^^^^
  File "C:\Users\Administrator\pi-cwd-20260603\system\.venv\Lib\site-packages\flask\templating.py", line 150, in render_template
    template = app.jinja_env.get_or_select_template(template_name_or_list)
               ^^^^^^^^^^^^^^^^^^^^^^^^^^^^^^^^^^^^^^^^^^^^^^^^^^^^^^^^^^^
  File "C:\Users\Administrator\pi-cwd-20260603\system\.venv\Lib\site-packages\jinja2\environment.py", line 1087, in get_or_select_template
    return self.get_template(template_name_or_list, parent, globals)
           ^^^^^^^^^^^^^^^^^^^^^^^^^^^^^^^^^^^^^^^^^^^^^^^^^^^^^^^^^
  File "C:\Users\Administrator\pi-cwd-20260603\system\.venv\Lib\site-packages\jinja2\environment.py", line 1016, in get_template
    return self._load_template(name, globals)
           ^^^^^^^^^^^^^^^^^^^^^^^^^^^^^^^^^^
  File "C:\Users\Administrator\pi-cwd-20260603\system\.venv\Lib\site-packages\jinja2\environment.py", line 975, in _load_template
    template = self.loader.load(self, name, self.make_globals(globals))
               ^^^^^^^^^^^^^^^^^^^^^^^^^^^^^^^^^^^^^^^^^^^^^^^^^^^^^^^^
  File "C:\Users\Administrator\pi-cwd-20260603\system\.venv\Lib\site-packages\jinja2\loaders.py", line 126, in load
    source, filename, uptodate = self.get_source(environment, name)
                                 ^^^^^^^^^^^^^^^^^^^^^^^^^^^^^^^^^^
  File "C:\Users\Administrator\pi-cwd-20260603\system\.venv\Lib\site-packages\flask\templating.py", line 64, in get_source
    return self._get_source_fast(environment, template)
           ^^^^^^^^^^^^^^^^^^^^^^^^^^^^^^^^^^^^^^^^^^^^
  File "C:\Users\Administrator\pi-cwd-20260603\system\.venv\Lib\site-packages\flask\templating.py", line 98, in _get_source_fast
    raise TemplateNotFound(template)
jinja2.exceptions.TemplateNotFound: error.html
2026-06-13 10:48:43,549 - new_main - ERROR - 服务器内部错误: 500 Internal Server Error: The server encountered an internal error and was unable to complete your request. Either the server is overloaded or there is an error in the application.
Traceback (most recent call last):
  File "C:\Users\Administrator\pi-cwd-20260603\system\.venv\Lib\site-packages\flask\app.py", line 1484, in full_dispatch_request
    rv = self.dispatch_request()
         ^^^^^^^^^^^^^^^^^^^^^^^
  File "C:\Users\Administrator\pi-cwd-20260603\system\.venv\Lib\site-packages\flask\app.py", line 1469, in dispatch_request
    return self.ensure_sync(self.view_functions[rule.endpoint])(**view_args)
           ^^^^^^^^^^^^^^^^^^^^^^^^^^^^^^^^^^^^^^^^^^^^^^^^^^^^^^^^^^^^^^^^^
  File "C:\Users\Administrator\pi-cwd-20260603\system\new_main.py", line 143, in bartender_tag
    return send_from_directory('bartender_tag', '字段代码2026.html')
           ^^^^^^^^^^^^^^^^^^^^^^^^^^^^^^^^^^^^^^^^^^^^^^^^^^^^^
  File "C:\Users\Administrator\pi-cwd-20260603\system\.venv\Lib\site-packages\flask\helpers.py", line 557, in send_from_directory
    return werkzeug.utils.send_from_directory(  # type: ignore[return-value]
           ^^^^^^^^^^^^^^^^^^^^^^^^^^^^^^^^^^^^^^^^^^^^^^^^^^^^^^^^^^^^^^^^^
  File "C:\Users\Administrator\pi-cwd-20260603\system\.venv\Lib\site-packages\werkzeug\utils.py", line 568, in send_from_directory
    raise NotFound()
werkzeug.exceptions.NotFound: 404 Not Found: The requested URL was not found on the server. If you entered the URL manually please check your spelling and try again.

During handling of the above exception, another exception occurred:

Traceback (most recent call last):
  File "C:\Users\Administrator\pi-cwd-20260603\system\.venv\Lib\site-packages\flask\app.py", line 2190, in wsgi_app
    response = self.full_dispatch_request()
               ^^^^^^^^^^^^^^^^^^^^^^^^^^^^
  File "C:\Users\Administrator\pi-cwd-20260603\system\.venv\Lib\site-packages\flask\app.py", line 1486, in full_dispatch_request
    rv = self.handle_user_exception(e)
         ^^^^^^^^^^^^^^^^^^^^^^^^^^^^^
  File "C:\Users\Administrator\pi-cwd-20260603\system\.venv\Lib\site-packages\flask\app.py", line 1341, in handle_user_exception
    return self.handle_http_exception(e)
           ^^^^^^^^^^^^^^^^^^^^^^^^^^^^^
  File "C:\Users\Administrator\pi-cwd-20260603\system\.venv\Lib\site-packages\flask\app.py", line 1281, in handle_http_exception
    return self.ensure_sync(handler)(e)
           ^^^^^^^^^^^^^^^^^^^^^^^^^^^^
  File "C:\Users\Administrator\pi-cwd-20260603\system\new_main.py", line 49, in not_found
    return render_template('error.html', error='页面未找到 (404)'), 404
           ^^^^^^^^^^^^^^^^^^^^^^^^^^^^^^^^^^^^^^^^^^^^^^^^^^
  File "C:\Users\Administrator\pi-cwd-20260603\system\.venv\Lib\site-packages\flask\templating.py", line 150, in render_template
    template = app.jinja_env.get_or_select_template(template_name_or_list)
               ^^^^^^^^^^^^^^^^^^^^^^^^^^^^^^^^^^^^^^^^^^^^^^^^^^^^^^^^^^^
  File "C:\Users\Administrator\pi-cwd-20260603\system\.venv\Lib\site-packages\jinja2\environment.py", line 1087, in get_or_select_template
    return self.get_template(template_name_or_list, parent, globals)
           ^^^^^^^^^^^^^^^^^^^^^^^^^^^^^^^^^^^^^^^^^^^^^^^^^^^^^^^^^
  File "C:\Users\Administrator\pi-cwd-20260603\system\.venv\Lib\site-packages\jinja2\environment.py", line 1016, in get_template
    return self._load_template(name, globals)
           ^^^^^^^^^^^^^^^^^^^^^^^^^^^^^^^^^^
  File "C:\Users\Administrator\pi-cwd-20260603\system\.venv\Lib\site-packages\jinja2\environment.py", line 975, in _load_template
    template = self.loader.load(self, name, self.make_globals(globals))
               ^^^^^^^^^^^^^^^^^^^^^^^^^^^^^^^^^^^^^^^^^^^^^^^^^^^^^^^^
  File "C:\Users\Administrator\pi-cwd-20260603\system\.venv\Lib\site-packages\jinja2\loaders.py", line 126, in load
    source, filename, uptodate = self.get_source(environment, name)
                                 ^^^^^^^^^^^^^^^^^^^^^^^^^^^^^^^^^^
  File "C:\Users\Administrator\pi-cwd-20260603\system\.venv\Lib\site-packages\flask\templating.py", line 64, in get_source
    return self._get_source_fast(environment, template)
           ^^^^^^^^^^^^^^^^^^^^^^^^^^^^^^^^^^^^^^^^^^^^
  File "C:\Users\Administrator\pi-cwd-20260603\system\.venv\Lib\site-packages\flask\templating.py", line 98, in _get_source_fast
    raise TemplateNotFound(template)
jinja2.exceptions.TemplateNotFound: error.html
2026-06-13 10:50:11,362 - new_main - WARNING - 未提供翻译文本
